// Jest Snapshot v1, https://goo.gl/fbAQLP

exports[`Charts Base Options Renders correctly enzyme 1`] = `null`;
